Archive member included to satisfy reference by file (symbol)

c:/st/stm32cubeide_1.10.1/stm32cubeide/plugins/com.st.stm32cube.ide.mcu.externaltools.gnu-tools-for-stm32.10.3-2021.10.win32_1.0.0.202111181127/tools/bin/../lib/gcc/arm-none-eabi/10.3.1/../../../../arm-none-eabi/lib/thumb/v7e-m+fp/hard\libc_nano.a(lib_a-errno.o)
                              ./Core/Src/syscalls.o (__errno)
c:/st/stm32cubeide_1.10.1/stm32cubeide/plugins/com.st.stm32cube.ide.mcu.externaltools.gnu-tools-for-stm32.10.3-2021.10.win32_1.0.0.202111181127/tools/bin/../lib/gcc/arm-none-eabi/10.3.1/../../../../arm-none-eabi/lib/thumb/v7e-m+fp/hard\libc_nano.a(lib_a-exit.o)
                              c:/st/stm32cubeide_1.10.1/stm32cubeide/plugins/com.st.stm32cube.ide.mcu.externaltools.gnu-tools-for-stm32.10.3-2021.10.win32_1.0.0.202111181127/tools/bin/../lib/gcc/arm-none-eabi/10.3.1/../../../../arm-none-eabi/lib/thumb/v7e-m+fp/hard/crt0.o (exit)
c:/st/stm32cubeide_1.10.1/stm32cubeide/plugins/com.st.stm32cube.ide.mcu.externaltools.gnu-tools-for-stm32.10.3-2021.10.win32_1.0.0.202111181127/tools/bin/../lib/gcc/arm-none-eabi/10.3.1/../../../../arm-none-eabi/lib/thumb/v7e-m+fp/hard\libc_nano.a(lib_a-impure.o)
                              c:/st/stm32cubeide_1.10.1/stm32cubeide/plugins/com.st.stm32cube.ide.mcu.externaltools.gnu-tools-for-stm32.10.3-2021.10.win32_1.0.0.202111181127/tools/bin/../lib/gcc/arm-none-eabi/10.3.1/../../../../arm-none-eabi/lib/thumb/v7e-m+fp/hard\libc_nano.a(lib_a-exit.o) (_global_impure_ptr)
c:/st/stm32cubeide_1.10.1/stm32cubeide/plugins/com.st.stm32cube.ide.mcu.externaltools.gnu-tools-for-stm32.10.3-2021.10.win32_1.0.0.202111181127/tools/bin/../lib/gcc/arm-none-eabi/10.3.1/../../../../arm-none-eabi/lib/thumb/v7e-m+fp/hard\libc_nano.a(lib_a-init.o)
                              c:/st/stm32cubeide_1.10.1/stm32cubeide/plugins/com.st.stm32cube.ide.mcu.externaltools.gnu-tools-for-stm32.10.3-2021.10.win32_1.0.0.202111181127/tools/bin/../lib/gcc/arm-none-eabi/10.3.1/../../../../arm-none-eabi/lib/thumb/v7e-m+fp/hard/crt0.o (__libc_init_array)
c:/st/stm32cubeide_1.10.1/stm32cubeide/plugins/com.st.stm32cube.ide.mcu.externaltools.gnu-tools-for-stm32.10.3-2021.10.win32_1.0.0.202111181127/tools/bin/../lib/gcc/arm-none-eabi/10.3.1/../../../../arm-none-eabi/lib/thumb/v7e-m+fp/hard\libc_nano.a(lib_a-memset.o)
                              c:/st/stm32cubeide_1.10.1/stm32cubeide/plugins/com.st.stm32cube.ide.mcu.externaltools.gnu-tools-for-stm32.10.3-2021.10.win32_1.0.0.202111181127/tools/bin/../lib/gcc/arm-none-eabi/10.3.1/../../../../arm-none-eabi/lib/thumb/v7e-m+fp/hard/crt0.o (memset)

Discarded input sections

 .text          0x0000000000000000        0x0 c:/st/stm32cubeide_1.10.1/stm32cubeide/plugins/com.st.stm32cube.ide.mcu.externaltools.gnu-tools-for-stm32.10.3-2021.10.win32_1.0.0.202111181127/tools/bin/../lib/gcc/arm-none-eabi/10.3.1/thumb/v7e-m+fp/hard/crti.o
 .data          0x0000000000000000        0x0 c:/st/stm32cubeide_1.10.1/stm32cubeide/plugins/com.st.stm32cube.ide.mcu.externaltools.gnu-tools-for-stm32.10.3-2021.10.win32_1.0.0.202111181127/tools/bin/../lib/gcc/arm-none-eabi/10.3.1/thumb/v7e-m+fp/hard/crti.o
 .bss           0x0000000000000000        0x0 c:/st/stm32cubeide_1.10.1/stm32cubeide/plugins/com.st.stm32cube.ide.mcu.externaltools.gnu-tools-for-stm32.10.3-2021.10.win32_1.0.0.202111181127/tools/bin/../lib/gcc/arm-none-eabi/10.3.1/thumb/v7e-m+fp/hard/crti.o
 .data          0x0000000000000000        0x4 c:/st/stm32cubeide_1.10.1/stm32cubeide/plugins/com.st.stm32cube.ide.mcu.externaltools.gnu-tools-for-stm32.10.3-2021.10.win32_1.0.0.202111181127/tools/bin/../lib/gcc/arm-none-eabi/10.3.1/thumb/v7e-m+fp/hard/crtbegin.o
 .rodata        0x0000000000000000       0x24 c:/st/stm32cubeide_1.10.1/stm32cubeide/plugins/com.st.stm32cube.ide.mcu.externaltools.gnu-tools-for-stm32.10.3-2021.10.win32_1.0.0.202111181127/tools/bin/../lib/gcc/arm-none-eabi/10.3.1/thumb/v7e-m+fp/hard/crtbegin.o
 .text          0x0000000000000000       0x7c c:/st/stm32cubeide_1.10.1/stm32cubeide/plugins/com.st.stm32cube.ide.mcu.externaltools.gnu-tools-for-stm32.10.3-2021.10.win32_1.0.0.202111181127/tools/bin/../lib/gcc/arm-none-eabi/10.3.1/../../../../arm-none-eabi/lib/thumb/v7e-m+fp/hard/crt0.o
 .data          0x0000000000000000        0x0 c:/st/stm32cubeide_1.10.1/stm32cubeide/plugins/com.st.stm32cube.ide.mcu.externaltools.gnu-tools-for-stm32.10.3-2021.10.win32_1.0.0.202111181127/tools/bin/../lib/gcc/arm-none-eabi/10.3.1/../../../../arm-none-eabi/lib/thumb/v7e-m+fp/hard/crt0.o
 .bss           0x0000000000000000        0x0 c:/st/stm32cubeide_1.10.1/stm32cubeide/plugins/com.st.stm32cube.ide.mcu.externaltools.gnu-tools-for-stm32.10.3-2021.10.win32_1.0.0.202111181127/tools/bin/../lib/gcc/arm-none-eabi/10.3.1/../../../../arm-none-eabi/lib/thumb/v7e-m+fp/hard/crt0.o
[...]
Memory Configuration

Name             Origin             Length             Attributes
CCMRAM           0x0000000010000000 0x0000000000001000 xrw
RAM              0x0000000020000000 0x0000000000003000 xrw
FLASH            0x0000000008000000 0x0000000000010000 xr
*default*        0x0000000000000000 0xffffffffffffffff

Linker script and memory map

LOAD c:/st/stm32cubeide_1.10.1/stm32cubeide/plugins/com.st.stm32cube.ide.mcu.externaltools.gnu-tools-for-stm32.10.3-2021.10.win32_1.0.0.202111181127/tools/bin/../lib/gcc/arm-none-eabi/10.3.1/thumb/v7e-m+fp/hard/crti.o
LOAD c:/st/stm32cubeide_1.10.1/stm32cubeide/plugins/com.st.stm32cube.ide.mcu.externaltools.gnu-tools-for-stm32.10.3-2021.10.win32_1.0.0.202111181127/tools/bin/../lib/gcc/arm-none-eabi/10.3.1/thumb/v7e-m+fp/hard/crtbegin.o
LOAD c:/st/stm32cubeide_1.10.1/stm32cubeide/plugins/com.st.stm32cube.ide.mcu.externaltools.gnu-tools-for-stm32.10.3-2021.10.win32_1.0.0.202111181127/tools/bin/../lib/gcc/arm-none-eabi/10.3.1/../../../../arm-none-eabi/lib/thumb/v7e-m+fp/hard/crt0.o
LOAD ./Core/Src/main.o
LOAD ./Core/Src/stm32f3xx_hal_msp.o
LOAD ./Core/Src/stm32f3xx_it.o
LOAD ./Core/Src/syscalls.o
LOAD ./Core/Src/sysmem.o
LOAD ./Core/Src/system_stm32f3xx.o
LOAD ./Core/Startup/startup_stm32f334c8tx.o
LOAD ./Drivers/STM32F3xx_HAL_Driver/Src/stm32f3xx_hal.o
LOAD ./Drivers/STM32F3xx_HAL_Driver/Src/stm32f3xx_hal_cortex.o
LOAD ./Drivers/STM32F3xx_HAL_Driver/Src/stm32f3xx_hal_dma.o
LOAD ./Drivers/STM32F3xx_HAL_Driver/Src/stm32f3xx_hal_exti.o
LOAD ./Drivers/STM32F3xx_HAL_Driver/Src/stm32f3xx_hal_flash.o
LOAD ./Drivers/STM32F3xx_HAL_Driver/Src/stm32f3xx_hal_flash_ex.o
LOAD ./Drivers/STM32F3xx_HAL_Driver/Src/stm32f3xx_hal_gpio.o
LOAD ./Drivers/STM32F3xx_HAL_Driver/Src/stm32f3xx_hal_hrtim.o
LOAD ./Drivers/STM32F3xx_HAL_Driver/Src/stm32f3xx_hal_i2c.o
LOAD ./Drivers/STM32F3xx_HAL_Driver/Src/stm32f3xx_hal_i2c_ex.o
LOAD ./Drivers/STM32F3xx_HAL_Driver/Src/stm32f3xx_hal_pwr.o
LOAD ./Drivers/STM32F3xx_HAL_Driver/Src/stm32f3xx_hal_pwr_ex.o
LOAD ./Drivers/STM32F3xx_HAL_Driver/Src/stm32f3xx_hal_rcc.o
LOAD ./Drivers/STM32F3xx_HAL_Driver/Src/stm32f3xx_hal_rcc_ex.o
LOAD ./Drivers/STM32F3xx_HAL_Driver/Src/stm32f3xx_hal_tim.o
LOAD ./Drivers/STM32F3xx_HAL_Driver/Src/stm32f3xx_hal_tim_ex.o
LOAD ./Drivers/STM32F3xx_HAL_Driver/Src/stm32f3xx_hal_uart.o
LOAD ./Drivers/STM32F3xx_HAL_Driver/Src/stm32f3xx_hal_uart_ex.o
START GROUP
LOAD c:/st/stm32cubeide_1.10.1/stm32cubeide/plugins/com.st.stm32cube.ide.mcu.externaltools.gnu-tools-for-stm32.10.3-2021.10.win32_1.0.0.202111181127/tools/bin/../lib/gcc/arm-none-eabi/10.3.1/../../../../arm-none-eabi/lib/thumb/v7e-m+fp/hard\libc_nano.a
LOAD c:/st/stm32cubeide_1.10.1/stm32cubeide/plugins/com.st.stm32cube.ide.mcu.externaltools.gnu-tools-for-stm32.10.3-2021.10.win32_1.0.0.202111181127/tools/bin/../lib/gcc/arm-none-eabi/10.3.1/../../../../arm-none-eabi/lib/thumb/v7e-m+fp/hard\libm.a
END GROUP
START GROUP
LOAD c:/st/stm32cubeide_1.10.1/stm32cubeide/plugins/com.st.stm32cube.ide.mcu.externaltools.gnu-tools-for-stm32.10.3-2021.10.win32_1.0.0.202111181127/tools/bin/../lib/gcc/arm-none-eabi/10.3.1/thumb/v7e-m+fp/hard\libgcc.a
LOAD c:/st/stm32cubeide_1.10.1/stm32cubeide/plugins/com.st.stm32cube.ide.mcu.externaltools.gnu-tools-for-stm32.10.3-2021.10.win32_1.0.0.202111181127/tools/bin/../lib/gcc/arm-none-eabi/10.3.1/../../../../arm-none-eabi/lib/thumb/v7e-m+fp/hard\libc_nano.a
END GROUP
START GROUP
LOAD c:/st/stm32cubeide_1.10.1/stm32cubeide/plugins/com.st.stm32cube.ide.mcu.externaltools.gnu-tools-for-stm32.10.3-2021.10.win32_1.0.0.202111181127/tools/bin/../lib/gcc/arm-none-eabi/10.3.1/thumb/v7e-m+fp/hard\libgcc.a
LOAD c:/st/stm32cubeide_1.10.1/stm32cubeide/plugins/com.st.stm32cube.ide.mcu.externaltools.gnu-tools-for-stm32.10.3-2021.10.win32_1.0.0.202111181127/tools/bin/../lib/gcc/arm-none-eabi/10.3.1/../../../../arm-none-eabi/lib/thumb/v7e-m+fp/hard\libc_nano.a
LOAD c:/st/stm32cubeide_1.10.1/stm32cubeide/plugins/com.st.stm32cube.ide.mcu.externaltools.gnu-tools-for-stm32.10.3-2021.10.win32_1.0.0.202111181127/tools/bin/../lib/gcc/arm-none-eabi/10.3.1/../../../../arm-none-eabi/lib/thumb/v7e-m+fp/hard\libnosys.a
END GROUP
START GROUP
LOAD c:/st/stm32cubeide_1.10.1/stm32cubeide/plugins/com.st.stm32cube.ide.mcu.externaltools.gnu-tools-for-stm32.10.3-2021.10.win32_1.0.0.202111181127/tools/bin/../lib/gcc/arm-none-eabi/10.3.1/thumb/v7e-m+fp/hard\libgcc.a
LOAD c:/st/stm32cubeide_1.10.1/stm32cubeide/plugins/com.st.stm32cube.ide.mcu.externaltools.gnu-tools-for-stm32.10.3-2021.10.win32_1.0.0.202111181127/tools/bin/../lib/gcc/arm-none-eabi/10.3.1/../../../../arm-none-eabi/lib/thumb/v7e-m+fp/hard\libc_nano.a
LOAD c:/st/stm32cubeide_1.10.1/stm32cubeide/plugins/com.st.stm32cube.ide.mcu.externaltools.gnu-tools-for-stm32.10.3-2021.10.win32_1.0.0.202111181127/tools/bin/../lib/gcc/arm-none-eabi/10.3.1/../../../../arm-none-eabi/lib/thumb/v7e-m+fp/hard\libnosys.a
END GROUP
LOAD c:/st/stm32cubeide_1.10.1/stm32cubeide/plugins/com.st.stm32cube.ide.mcu.externaltools.gnu-tools-for-stm32.10.3-2021.10.win32_1.0.0.202111181127/tools/bin/../lib/gcc/arm-none-eabi/10.3.1/thumb/v7e-m+fp/hard/crtend.o
LOAD c:/st/stm32cubeide_1.10.1/stm32cubeide/plugins/com.st.stm32cube.ide.mcu.externaltools.gnu-tools-for-stm32.10.3-2021.10.win32_1.0.0.202111181127/tools/bin/../lib/gcc/arm-none-eabi/10.3.1/thumb/v7e-m+fp/hard/crtn.o
                0x0000000020003000                _estack = (ORIGIN (RAM) + LENGTH (RAM))
                0x0000000000000200                _Min_Heap_Size = 0x200
                0x0000000000000400                _Min_Stack_Size = 0x400

.isr_vector     0x0000000008000000      0x188
                0x0000000008000000                . = ALIGN (0x4)
 *(.isr_vector)
 .isr_vector    0x0000000008000000      0x188 ./Core/Startup/startup_stm32f334c8tx.o
                0x0000000008000000                g_pfnVectors
                0x0000000008000188                . = ALIGN (0x4)

.text           0x0000000008000188     0x4d84
                0x0000000008000188                . = ALIGN (0x4)
 *(.text)
 .text          0x0000000008000188       0x40 c:/st/stm32cubeide_1.10.1/stm32cubeide/plugins/com.st.stm32cube.ide.mcu.externaltools.gnu-tools-for-stm32.10.3-2021.10.win32_1.0.0.202111181127/tools/bin/../lib/gcc/arm-none-eabi/10.3.1/thumb/v7e-m+fp/hard/crtbegin.o
 *(.text*)
 .text.main     0x00000000080001c8       0x6c ./Core/Src/main.o
                0x00000000080001c8                main
 .text.SystemClock_Config
                0x0000000008000234       0xc0 ./Core/Src/main.o
                0x0000000008000234                SystemClock_Config
 .text.MX_HRTIM1_Init
                0x00000000080002f4      0x1a0 ./Core/Src/main.o
 .text.MX_TIM15_Init
                0x0000000008000494      0x140 ./Core/Src/main.o
 .text.MX_USART1_UART_Init
                0x00000000080005d4       0x60 ./Core/Src/main.o
 .text.MX_GPIO_Init
                0x0000000008000634       0xc0 ./Core/Src/main.o
 .text.ButtonCheck
                0x00000000080006f4       0xd8 ./Core/Src/main.o
                0x00000000080006f4                ButtonCheck
 .text.LEDBlink
                0x00000000080007cc       0x2c ./Core/Src/main.o
                0x00000000080007cc                LEDBlink
 .text.Error_Handler
                0x00000000080007f8        0xa ./Core/Src/main.o
                0x00000000080007f8                Error_Handler
 *fill*         0x0000000008000802        0x2 
 .text.HAL_MspInit
                0x0000000008000804       0x48 ./Core/Src/stm32f3xx_hal_msp.o
                0x0000000008000804                HAL_MspInit
 .text.HAL_HRTIM_MspInit
                0x000000000800084c       0x40 ./Core/Src/stm32f3xx_hal_msp.o
                0x000000000800084c                HAL_HRTIM_MspInit
 .text.HAL_HRTIM_MspPostInit
                0x000000000800088c       0x70 ./Core/Src/stm32f3xx_hal_msp.o
                0x000000000800088c                HAL_HRTIM_MspPostInit
 .text.HAL_TIM_Base_MspInit
                0x00000000080008fc       0x4c ./Core/Src/stm32f3xx_hal_msp.o
                0x00000000080008fc                HAL_TIM_Base_MspInit
 .text.HAL_UART_MspInit
                0x0000000008000948       0xc4 ./Core/Src/stm32f3xx_hal_msp.o
                0x0000000008000948                HAL_UART_MspInit
 .text.NMI_Handler
                0x0000000008000a0c        0x6 ./Core/Src/stm32f3xx_it.o
                0x0000000008000a0c                NMI_Handler
 .text.HardFault_Handler
                0x0000000008000a12        0x6 ./Core/Src/stm32f3xx_it.o
                0x0000000008000a12                HardFault_Handler
 .text.MemManage_Handler
                0x0000000008000a18        0x6 ./Core/Src/stm32f3xx_it.o
                0x0000000008000a18                MemManage_Handler
 .text.BusFault_Handler
                0x0000000008000a1e        0x6 ./Core/Src/stm32f3xx_it.o
                0x0000000008000a1e                BusFault_Handler
 .text.UsageFault_Handler
                0x0000000008000a24        0x6 ./Core/Src/stm32f3xx_it.o
                0x0000000008000a24                UsageFault_Handler
 .text.SVC_Handler
                0x0000000008000a2a        0xe ./Core/Src/stm32f3xx_it.o
                0x0000000008000a2a                SVC_Handler
 .text.DebugMon_Handler
                0x0000000008000a38        0xe ./Core/Src/stm32f3xx_it.o
                0x0000000008000a38                DebugMon_Handler
 .text.PendSV_Handler
                0x0000000008000a46        0xe ./Core/Src/stm32f3xx_it.o
                0x0000000008000a46                PendSV_Handler
 .text.SysTick_Handler
                0x0000000008000a54        0xc ./Core/Src/stm32f3xx_it.o
                0x0000000008000a54                SysTick_Handler
 .text.EXTI1_IRQHandler
                0x0000000008000a60       0x24 ./Core/Src/stm32f3xx_it.o
                0x0000000008000a60                EXTI1_IRQHandler
 .text.TIM1_BRK_TIM15_IRQHandler
                0x0000000008000a84       0x3c ./Core/Src/stm32f3xx_it.o
                0x0000000008000a84                TIM1_BRK_TIM15_IRQHandler
 .text.SystemInit
                0x0000000008000ac0       0x24 ./Core/Src/system_stm32f3xx.o
                0x0000000008000ac0                SystemInit
 .text.Reset_Handler
                0x0000000008000ae4       0x50 ./Core/Startup/startup_stm32f334c8tx.o
                0x0000000008000ae4                Reset_Handler
 .text.Default_Handler
                0x0000000008000b34        0x2 ./Core/Startup/startup_stm32f334c8tx.o
                0x0000000008000b34                RTC_Alarm_IRQHandler
                0x0000000008000b34                HRTIM1_Master_IRQHandler
                0x0000000008000b34                TIM1_CC_IRQHandler
                0x0000000008000b34                HRTIM1_FLT_IRQHandler
                0x0000000008000b34                PVD_IRQHandler
                0x0000000008000b34                HRTIM1_TIMD_IRQHandler
                0x0000000008000b34                TAMP_STAMP_IRQHandler
                0x0000000008000b34                EXTI3_IRQHandler
                0x0000000008000b34                EXTI0_IRQHandler
                0x0000000008000b34                FPU_IRQHandler
                0x0000000008000b34                CAN_TX_IRQHandler
                0x0000000008000b34                TIM1_UP_TIM16_IRQHandler
                0x0000000008000b34                ADC1_2_IRQHandler
                0x0000000008000b34                HRTIM1_TIME_IRQHandler
                0x0000000008000b34                SPI1_IRQHandler
                0x0000000008000b34                CAN_SCE_IRQHandler
                0x0000000008000b34                HRTIM1_TIMC_IRQHandler
                0x0000000008000b34                DMA1_Channel4_IRQHandler
                0x0000000008000b34                USART3_IRQHandler
                0x0000000008000b34                DMA1_Channel7_IRQHandler
                0x0000000008000b34                TIM7_DAC2_IRQHandler
                0x0000000008000b34                CAN_RX1_IRQHandler
                0x0000000008000b34                I2C1_EV_IRQHandler
                0x0000000008000b34                DMA1_Channel6_IRQHandler
                0x0000000008000b34                TIM3_IRQHandler
                0x0000000008000b34                RCC_IRQHandler
                0x0000000008000b34                DMA1_Channel1_IRQHandler
                0x0000000008000b34                Default_Handler
                0x0000000008000b34                EXTI15_10_IRQHandler
                0x0000000008000b34                COMP2_IRQHandler
                0x0000000008000b34                HRTIM1_TIMA_IRQHandler
                0x0000000008000b34                TIM6_DAC1_IRQHandler
                0x0000000008000b34                EXTI9_5_IRQHandler
                0x0000000008000b34                RTC_WKUP_IRQHandler
                0x0000000008000b34                DMA1_Channel5_IRQHandler
                0x0000000008000b34                EXTI4_IRQHandler
                0x0000000008000b34                HRTIM1_TIMB_IRQHandler
                0x0000000008000b34                TIM1_TRG_COM_TIM17_IRQHandler
                0x0000000008000b34                DMA1_Channel3_IRQHandler
                0x0000000008000b34                WWDG_IRQHandler
                0x0000000008000b34                TIM2_IRQHandler
                0x0000000008000b34                COMP4_6_IRQHandler
                0x0000000008000b34                USART2_IRQHandler
                0x0000000008000b34                DMA1_Channel2_IRQHandler
                0x0000000008000b34                FLASH_IRQHandler
                0x0000000008000b34                USART1_IRQHandler
                0x0000000008000b34                CAN_RX0_IRQHandler
                0x0000000008000b34                I2C1_ER_IRQHandler
                0x0000000008000b34                EXTI2_TSC_IRQHandler
 *fill*         0x0000000008000b36        0x2 
 .text.HAL_Init
                0x0000000008000b38       0x2c ./Drivers/STM32F3xx_HAL_Driver/Src/stm32f3xx_hal.o
                0x0000000008000b38                HAL_Init
 .text.HAL_InitTick
                0x0000000008000b64       0x60 ./Drivers/STM32F3xx_HAL_Driver/Src/stm32f3xx_hal.o
                0x0000000008000b64                HAL_InitTick
 .text.HAL_IncTick
                0x0000000008000bc4       0x28 ./Drivers/STM32F3xx_HAL_Driver/Src/stm32f3xx_hal.o
                0x0000000008000bc4                HAL_IncTick
 .text.HAL_GetTick
                0x0000000008000bec       0x18 ./Drivers/STM32F3xx_HAL_Driver/Src/stm32f3xx_hal.o
                0x0000000008000bec                HAL_GetTick
 .text.__NVIC_SetPriorityGrouping
                0x0000000008000c04       0x48 ./Drivers/STM32F3xx_HAL_Driver/Src/stm32f3xx_hal_cortex.o
 .text.__NVIC_GetPriorityGrouping
                0x0000000008000c4c       0x1c ./Drivers/STM32F3xx_HAL_Driver/Src/stm32f3xx_hal_cortex.o
 .text.__NVIC_EnableIRQ
                0x0000000008000c68       0x3c ./Drivers/STM32F3xx_HAL_Driver/Src/stm32f3xx_hal_cortex.o
 .text.__NVIC_SetPriority
                0x0000000008000ca4       0x54 ./Drivers/STM32F3xx_HAL_Driver/Src/stm32f3xx_hal_cortex.o
 .text.NVIC_EncodePriority
                0x0000000008000cf8       0x66 ./Drivers/STM32F3xx_HAL_Driver/Src/stm32f3xx_hal_cortex.o
 *fill*         0x0000000008000d5e        0x2 
 .text.SysTick_Config
                0x0000000008000d60       0x44 ./Drivers/STM32F3xx_HAL_Driver/Src/stm32f3xx_hal_cortex.o
 .text.HAL_NVIC_SetPriorityGrouping
                0x0000000008000da4       0x16 ./Drivers/STM32F3xx_HAL_Driver/Src/stm32f3xx_hal_cortex.o
                0x0000000008000da4                HAL_NVIC_SetPriorityGrouping
 .text.HAL_NVIC_SetPriority
                0x0000000008000dba       0x38 ./Drivers/STM32F3xx_HAL_Driver/Src/stm32f3xx_hal_cortex.o
                0x0000000008000dba                HAL_NVIC_SetPriority
 .text.HAL_NVIC_EnableIRQ
                0x0000000008000df2       0x1c ./Drivers/STM32F3xx_HAL_Driver/Src/stm32f3xx_hal_cortex.o
                0x0000000008000df2                HAL_NVIC_EnableIRQ
 .text.HAL_SYSTICK_Config
                0x0000000008000e0e       0x18 ./Drivers/STM32F3xx_HAL_Driver/Src/stm32f3xx_hal_cortex.o
                0x0000000008000e0e                HAL_SYSTICK_Config
 *fill*         0x0000000008000e26        0x2 
 .text.HAL_GPIO_Init
                0x0000000008000e28      0x2e4 ./Drivers/STM32F3xx_HAL_Driver/Src/stm32f3xx_hal_gpio.o
                0x0000000008000e28                HAL_GPIO_Init
 .text.HAL_GPIO_WritePin
                0x000000000800110c       0x30 ./Drivers/STM32F3xx_HAL_Driver/Src/stm32f3xx_hal_gpio.o
                0x000000000800110c                HAL_GPIO_WritePin
 .text.HAL_GPIO_TogglePin
                0x000000000800113c       0x34 ./Drivers/STM32F3xx_HAL_Driver/Src/stm32f3xx_hal_gpio.o
                0x000000000800113c                HAL_GPIO_TogglePin
 .text.HAL_GPIO_EXTI_IRQHandler
                0x0000000008001170       0x30 ./Drivers/STM32F3xx_HAL_Driver/Src/stm32f3xx_hal_gpio.o
                0x0000000008001170                HAL_GPIO_EXTI_IRQHandler
 .text.HAL_GPIO_EXTI_Callback
                0x00000000080011a0       0x16 ./Drivers/STM32F3xx_HAL_Driver/Src/stm32f3xx_hal_gpio.o
                0x00000000080011a0                HAL_GPIO_EXTI_Callback
 *fill*         0x00000000080011b6        0x2 
 .text.HAL_HRTIM_Init
                0x00000000080011b8      0x198 ./Drivers/STM32F3xx_HAL_Driver/Src/stm32f3xx_hal_hrtim.o
                0x00000000080011b8                HAL_HRTIM_Init
 .text.HAL_HRTIM_TimeBaseConfig
                0x0000000008001350       0x50 ./Drivers/STM32F3xx_HAL_Driver/Src/stm32f3xx_hal_hrtim.o
                0x0000000008001350                HAL_HRTIM_TimeBaseConfig
 .text.HAL_HRTIM_WaveformTimerConfig
                0x00000000080013a0       0xe4 ./Drivers/STM32F3xx_HAL_Driver/Src/stm32f3xx_hal_hrtim.o
                0x00000000080013a0                HAL_HRTIM_WaveformTimerConfig
 .text.HAL_HRTIM_WaveformCompareConfig
                0x0000000008001484      0x2dc ./Drivers/STM32F3xx_HAL_Driver/Src/stm32f3xx_hal_hrtim.o
                0x0000000008001484                HAL_HRTIM_WaveformCompareConfig
 .text.HAL_HRTIM_WaveformOutputConfig
                0x0000000008001760       0x62 ./Drivers/STM32F3xx_HAL_Driver/Src/stm32f3xx_hal_hrtim.o
                0x0000000008001760                HAL_HRTIM_WaveformOutputConfig
 .text.HAL_HRTIM_WaveformOutputStart
                0x00000000080017c2       0x5a ./Drivers/STM32F3xx_HAL_Driver/Src/stm32f3xx_hal_hrtim.o
                0x00000000080017c2                HAL_HRTIM_WaveformOutputStart
 .text.HAL_HRTIM_WaveformOutputStop
                0x000000000800181c       0x5a ./Drivers/STM32F3xx_HAL_Driver/Src/stm32f3xx_hal_hrtim.o
                0x000000000800181c                HAL_HRTIM_WaveformOutputStop
 .text.HAL_HRTIM_WaveformCountStart
                0x0000000008001876       0x56 ./Drivers/STM32F3xx_HAL_Driver/Src/stm32f3xx_hal_hrtim.o
                0x0000000008001876                HAL_HRTIM_WaveformCountStart
 .text.HAL_HRTIM_WaveformCountStop
                0x00000000080018cc       0x58 ./Drivers/STM32F3xx_HAL_Driver/Src/stm32f3xx_hal_hrtim.o
                0x00000000080018cc                HAL_HRTIM_WaveformCountStop
 .text.HRTIM_MasterBase_Config
                0x0000000008001924       0x5e ./Drivers/STM32F3xx_HAL_Driver/Src/stm32f3xx_hal_hrtim.o
 .text.HRTIM_TimingUnitBase_Config
                0x0000000008001982       0x80 ./Drivers/STM32F3xx_HAL_Driver/Src/stm32f3xx_hal_hrtim.o
 .text.HRTIM_MasterWaveform_Config
                0x0000000008001a02       0xcc ./Drivers/STM32F3xx_HAL_Driver/Src/stm32f3xx_hal_hrtim.o
 *fill*         0x0000000008001ace        0x2 
 .text.HRTIM_TimingUnitWaveform_Config
                0x0000000008001ad0      0x280 ./Drivers/STM32F3xx_HAL_Driver/Src/stm32f3xx_hal_hrtim.o
 .text.HRTIM_OutputConfig
                0x0000000008001d50      0x1fc ./Drivers/STM32F3xx_HAL_Driver/Src/stm32f3xx_hal_hrtim.o
 .text.HRTIM_ForceRegistersUpdate
                0x0000000008001f4c       0xc4 ./Drivers/STM32F3xx_HAL_Driver/Src/stm32f3xx_hal_hrtim.o
 .text.HAL_RCC_OscConfig
                0x0000000008002010     0x107c ./Drivers/STM32F3xx_HAL_Driver/Src/stm32f3xx_hal_rcc.o
                0x0000000008002010                HAL_RCC_OscConfig
 .text.HAL_RCC_ClockConfig
                0x000000000800308c      0x2f8 ./Drivers/STM32F3xx_HAL_Driver/Src/stm32f3xx_hal_rcc.o
                0x000000000800308c                HAL_RCC_ClockConfig
 .text.HAL_RCC_GetSysClockFreq
                0x0000000008003384       0xd8 ./Drivers/STM32F3xx_HAL_Driver/Src/stm32f3xx_hal_rcc.o
                0x0000000008003384                HAL_RCC_GetSysClockFreq
 .text.HAL_RCC_GetHCLKFreq
                0x000000000800345c       0x18 ./Drivers/STM32F3xx_HAL_Driver/Src/stm32f3xx_hal_rcc.o
                0x000000000800345c                HAL_RCC_GetHCLKFreq
 .text.HAL_RCC_GetPCLK1Freq
                0x0000000008003474       0x44 ./Drivers/STM32F3xx_HAL_Driver/Src/stm32f3xx_hal_rcc.o
                0x0000000008003474                HAL_RCC_GetPCLK1Freq
 .text.HAL_RCC_GetPCLK2Freq
                0x00000000080034b8       0x44 ./Drivers/STM32F3xx_HAL_Driver/Src/stm32f3xx_hal_rcc.o
                0x00000000080034b8                HAL_RCC_GetPCLK2Freq
 .text.HAL_RCCEx_PeriphCLKConfig
                0x00000000080034fc      0x26c ./Drivers/STM32F3xx_HAL_Driver/Src/stm32f3xx_hal_rcc_ex.o
                0x00000000080034fc                HAL_RCCEx_PeriphCLKConfig
 .text.HAL_TIM_Base_Init
                0x0000000008003768       0xae ./Drivers/STM32F3xx_HAL_Driver/Src/stm32f3xx_hal_tim.o
                0x0000000008003768                HAL_TIM_Base_Init
 *fill*         0x0000000008003816        0x2 
 .text.HAL_TIM_Base_Start_IT
                0x0000000008003818       0xb8 ./Drivers/STM32F3xx_HAL_Driver/Src/stm32f3xx_hal_tim.o
                0x0000000008003818                HAL_TIM_Base_Start_IT
 .text.HAL_TIM_OC_Init
                0x00000000080038d0       0xae ./Drivers/STM32F3xx_HAL_Driver/Src/stm32f3xx_hal_tim.o
                0x00000000080038d0                HAL_TIM_OC_Init
 .text.HAL_TIM_OC_MspInit
                0x000000000800397e       0x14 ./Drivers/STM32F3xx_HAL_Driver/Src/stm32f3xx_hal_tim.o
                0x000000000800397e                HAL_TIM_OC_MspInit
 .text.HAL_TIM_IRQHandler
                0x0000000008003992      0x23e ./Drivers/STM32F3xx_HAL_Driver/Src/stm32f3xx_hal_tim.o
                0x0000000008003992                HAL_TIM_IRQHandler
 .text.HAL_TIM_OC_ConfigChannel
                0x0000000008003bd0       0xf4 ./Drivers/STM32F3xx_HAL_Driver/Src/stm32f3xx_hal_tim.o
                0x0000000008003bd0                HAL_TIM_OC_ConfigChannel
 .text.HAL_TIM_ConfigClockSource
                0x0000000008003cc4      0x192 ./Drivers/STM32F3xx_HAL_Driver/Src/stm32f3xx_hal_tim.o
                0x0000000008003cc4                HAL_TIM_ConfigClockSource
 .text.HAL_TIM_PeriodElapsedCallback
                0x0000000008003e56       0x14 ./Drivers/STM32F3xx_HAL_Driver/Src/stm32f3xx_hal_tim.o
                0x0000000008003e56                HAL_TIM_PeriodElapsedCallback
 .text.HAL_TIM_OC_DelayElapsedCallback
                0x0000000008003e6a       0x14 ./Drivers/STM32F3xx_HAL_Driver/Src/stm32f3xx_hal_tim.o
                0x0000000008003e6a                HAL_TIM_OC_DelayElapsedCallback
 .text.HAL_TIM_IC_CaptureCallback
                0x0000000008003e7e       0x14 ./Drivers/STM32F3xx_HAL_Driver/Src/stm32f3xx_hal_tim.o
                0x0000000008003e7e                HAL_TIM_IC_CaptureCallback
 .text.HAL_TIM_PWM_PulseFinishedCallback
                0x0000000008003e92       0x14 ./Drivers/STM32F3xx_HAL_Driver/Src/stm32f3xx_hal_tim.o
                0x0000000008003e92                HAL_TIM_PWM_PulseFinishedCallback
 .text.HAL_TIM_TriggerCallback
                0x0000000008003ea6       0x14 ./Drivers/STM32F3xx_HAL_Driver/Src/stm32f3xx_hal_tim.o
                0x0000000008003ea6                HAL_TIM_TriggerCallback
 *fill*         0x0000000008003eba        0x2 
 .text.TIM_Base_SetConfig
                0x0000000008003ebc       0xf0 ./Drivers/STM32F3xx_HAL_Driver/Src/stm32f3xx_hal_tim.o
                0x0000000008003ebc                TIM_Base_SetConfig
 .text.TIM_OC1_SetConfig
                0x0000000008003fac      0x10c ./Drivers/STM32F3xx_HAL_Driver/Src/stm32f3xx_hal_tim.o
 .text.TIM_OC2_SetConfig
                0x00000000080040b8      0x100 ./Drivers/STM32F3xx_HAL_Driver/Src/stm32f3xx_hal_tim.o
                0x00000000080040b8                TIM_OC2_SetConfig
 .text.TIM_OC3_SetConfig
                0x00000000080041b8       0xfc ./Drivers/STM32F3xx_HAL_Driver/Src/stm32f3xx_hal_tim.o
 .text.TIM_OC4_SetConfig
                0x00000000080042b4       0xc8 ./Drivers/STM32F3xx_HAL_Driver/Src/stm32f3xx_hal_tim.o
 .text.TIM_OC5_SetConfig
                0x000000000800437c       0xbc ./Drivers/STM32F3xx_HAL_Driver/Src/stm32f3xx_hal_tim.o
 .text.TIM_OC6_SetConfig
                0x0000000008004438       0xc0 ./Drivers/STM32F3xx_HAL_Driver/Src/stm32f3xx_hal_tim.o
 .text.TIM_TI1_ConfigInputStage
                0x00000000080044f8       0x5e ./Drivers/STM32F3xx_HAL_Driver/Src/stm32f3xx_hal_tim.o
 .text.TIM_TI2_ConfigInputStage
                0x0000000008004556       0x60 ./Drivers/STM32F3xx_HAL_Driver/Src/stm32f3xx_hal_tim.o
 .text.TIM_ITRx_SetConfig
                0x00000000080045b6       0x36 ./Drivers/STM32F3xx_HAL_Driver/Src/stm32f3xx_hal_tim.o
 .text.TIM_ETR_SetConfig
                0x00000000080045ec       0x40 ./Drivers/STM32F3xx_HAL_Driver/Src/stm32f3xx_hal_tim.o
                0x00000000080045ec                TIM_ETR_SetConfig
 .text.HAL_TIMEx_MasterConfigSynchronization
                0x000000000800462c       0xdc ./Drivers/STM32F3xx_HAL_Driver/Src/stm32f3xx_hal_tim_ex.o
                0x000000000800462c                HAL_TIMEx_MasterConfigSynchronization
 .text.HAL_TIMEx_ConfigBreakDeadTime
                0x0000000008004708       0xf0 ./Drivers/STM32F3xx_HAL_Driver/Src/stm32f3xx_hal_tim_ex.o
                0x0000000008004708                HAL_TIMEx_ConfigBreakDeadTime
 .text.HAL_TIMEx_CommutCallback
                0x00000000080047f8       0x14 ./Drivers/STM32F3xx_HAL_Driver/Src/stm32f3xx_hal_tim_ex.o
                0x00000000080047f8                HAL_TIMEx_CommutCallback
 .text.HAL_TIMEx_BreakCallback
                0x000000000800480c       0x14 ./Drivers/STM32F3xx_HAL_Driver/Src/stm32f3xx_hal_tim_ex.o
                0x000000000800480c                HAL_TIMEx_BreakCallback
 .text.HAL_TIMEx_Break2Callback
                0x0000000008004820       0x14 ./Drivers/STM32F3xx_HAL_Driver/Src/stm32f3xx_hal_tim_ex.o
                0x0000000008004820                HAL_TIMEx_Break2Callback
 .text.HAL_UART_Init
                0x0000000008004834       0x9c ./Drivers/STM32F3xx_HAL_Driver/Src/stm32f3xx_hal_uart.o
                0x0000000008004834                HAL_UART_Init
 .text.UART_SetConfig
                0x00000000080048d0      0x26c ./Drivers/STM32F3xx_HAL_Driver/Src/stm32f3xx_hal_uart.o
                0x00000000080048d0                UART_SetConfig
 .text.UART_AdvFeatureConfig
                0x0000000008004b3c      0x144 ./Drivers/STM32F3xx_HAL_Driver/Src/stm32f3xx_hal_uart.o
                0x0000000008004b3c                UART_AdvFeatureConfig
 .text.UART_CheckIdleState
                0x0000000008004c80       0x92 ./Drivers/STM32F3xx_HAL_Driver/Src/stm32f3xx_hal_uart.o
                0x0000000008004c80                UART_CheckIdleState
 .text.UART_WaitOnFlagUntilTimeout
                0x0000000008004d12      0x188 ./Drivers/STM32F3xx_HAL_Driver/Src/stm32f3xx_hal_uart.o
                0x0000000008004d12                UART_WaitOnFlagUntilTimeout
 *fill*         0x0000000008004e9a        0x2 
 .text.__libc_init_array
                0x0000000008004e9c       0x48 c:/st/stm32cubeide_1.10.1/stm32cubeide/plugins/com.st.stm32cube.ide.mcu.externaltools.gnu-tools-for-stm32.10.3-2021.10.win32_1.0.0.202111181127/tools/bin/../lib/gcc/arm-none-eabi/10.3.1/../../../../arm-none-eabi/lib/thumb/v7e-m+fp/hard\libc_nano.a(lib_a-init.o)
                0x0000000008004e9c                __libc_init_array
 .text.memset   0x0000000008004ee4       0x10 c:/st/stm32cubeide_1.10.1/stm32cubeide/plugins/com.st.stm32cube.ide.mcu.externaltools.gnu-tools-for-stm32.10.3-2021.10.win32_1.0.0.202111181127/tools/bin/../lib/gcc/arm-none-eabi/10.3.1/../../../../arm-none-eabi/lib/thumb/v7e-m+fp/hard\libc_nano.a(lib_a-memset.o)
                0x0000000008004ee4                memset
 *(.glue_7)
 .glue_7        0x0000000008004ef4        0x0 linker stubs
 *(.glue_7t)
 .glue_7t       0x0000000008004ef4        0x0 linker stubs
 *(.eh_frame)
 .eh_frame      0x0000000008004ef4        0x0 c:/st/stm32cubeide_1.10.1/stm32cubeide/plugins/com.st.stm32cube.ide.mcu.externaltools.gnu-tools-for-stm32.10.3-2021.10.win32_1.0.0.202111181127/tools/bin/../lib/gcc/arm-none-eabi/10.3.1/thumb/v7e-m+fp/hard/crtbegin.o
 *(.init)
 .init          0x0000000008004ef4        0x4 c:/st/stm32cubeide_1.10.1/stm32cubeide/plugins/com.st.stm32cube.ide.mcu.externaltools.gnu-tools-for-stm32.10.3-2021.10.win32_1.0.0.202111181127/tools/bin/../lib/gcc/arm-none-eabi/10.3.1/thumb/v7e-m+fp/hard/crti.o
                0x0000000008004ef4                _init
 .init          0x0000000008004ef8        0x8 c:/st/stm32cubeide_1.10.1/stm32cubeide/plugins/com.st.stm32cube.ide.mcu.externaltools.gnu-tools-for-stm32.10.3-2021.10.win32_1.0.0.202111181127/tools/bin/../lib/gcc/arm-none-eabi/10.3.1/thumb/v7e-m+fp/hard/crtn.o
 *(.fini)
 .fini          0x0000000008004f00        0x4 c:/st/stm32cubeide_1.10.1/stm32cubeide/plugins/com.st.stm32cube.ide.mcu.externaltools.gnu-tools-for-stm32.10.3-2021.10.win32_1.0.0.202111181127/tools/bin/../lib/gcc/arm-none-eabi/10.3.1/thumb/v7e-m+fp/hard/crti.o
                0x0000000008004f00                _fini
 .fini          0x0000000008004f04        0x8 c:/st/stm32cubeide_1.10.1/stm32cubeide/plugins/com.st.stm32cube.ide.mcu.externaltools.gnu-tools-for-stm32.10.3-2021.10.win32_1.0.0.202111181127/tools/bin/../lib/gcc/arm-none-eabi/10.3.1/thumb/v7e-m+fp/hard/crtn.o
                0x0000000008004f0c                . = ALIGN (0x4)
                0x0000000008004f0c                _etext = .

.vfp11_veneer   0x0000000008004f0c        0x0
 .vfp11_veneer  0x0000000008004f0c        0x0 linker stubs

.v4_bx          0x0000000008004f0c        0x0
 .v4_bx         0x0000000008004f0c        0x0 linker stubs

.iplt           0x0000000008004f0c        0x0
 .iplt          0x0000000008004f0c        0x0 c:/st/stm32cubeide_1.10.1/stm32cubeide/plugins/com.st.stm32cube.ide.mcu.externaltools.gnu-tools-for-stm32.10.3-2021.10.win32_1.0.0.202111181127/tools/bin/../lib/gcc/arm-none-eabi/10.3.1/thumb/v7e-m+fp/hard/crtbegin.o

.rodata         0x0000000008004f0c       0x38
                0x0000000008004f0c                . = ALIGN (0x4)
 *(.rodata)
 *(.rodata*)
 .rodata.AHBPrescTable
                0x0000000008004f0c       0x10 ./Core/Src/system_stm32f3xx.o
                0x0000000008004f0c                AHBPrescTable
 .rodata.APBPrescTable
                0x0000000008004f1c        0x8 ./Core/Src/system_stm32f3xx.o
                0x0000000008004f1c                APBPrescTable
 .rodata.aPLLMULFactorTable
                0x0000000008004f24       0x10 ./Drivers/STM32F3xx_HAL_Driver/Src/stm32f3xx_hal_rcc.o
                0x0000000008004f24                aPLLMULFactorTable
 .rodata.aPredivFactorTable
                0x0000000008004f34       0x10 ./Drivers/STM32F3xx_HAL_Driver/Src/stm32f3xx_hal_rcc.o
                0x0000000008004f34                aPredivFactorTable
                0x0000000008004f44                . = ALIGN (0x4)

.rel.dyn        0x0000000008004f44        0x0
 .rel.iplt      0x0000000008004f44        0x0 c:/st/stm32cubeide_1.10.1/stm32cubeide/plugins/com.st.stm32cube.ide.mcu.externaltools.gnu-tools-for-stm32.10.3-2021.10.win32_1.0.0.202111181127/tools/bin/../lib/gcc/arm-none-eabi/10.3.1/thumb/v7e-m+fp/hard/crtbegin.o

.ARM.extab      0x0000000008004f44        0x0
                0x0000000008004f44                . = ALIGN (0x4)
 *(.ARM.extab* .gnu.linkonce.armextab.*)
                0x0000000008004f44                . = ALIGN (0x4)

.ARM            0x0000000008004f44        0x0
                0x0000000008004f44                . = ALIGN (0x4)
                0x0000000008004f44                __exidx_start = .
 *(.ARM.exidx*)
                0x0000000008004f44                __exidx_end = .
                0x0000000008004f44                . = ALIGN (0x4)

.preinit_array  0x0000000008004f44        0x0
                0x0000000008004f44                . = ALIGN (0x4)
                0x0000000008004f44                PROVIDE (__preinit_array_start = .)
 *(.preinit_array*)
                0x0000000008004f44                PROVIDE (__preinit_array_end = .)
                0x0000000008004f44                . = ALIGN (0x4)

.init_array     0x0000000008004f44        0x4
                0x0000000008004f44                . = ALIGN (0x4)
                0x0000000008004f44                PROVIDE (__init_array_start = .)
 *(SORT_BY_NAME(.init_array.*))
 *(.init_array*)
 .init_array    0x0000000008004f44        0x4 c:/st/stm32cubeide_1.10.1/stm32cubeide/plugins/com.st.stm32cube.ide.mcu.externaltools.gnu-tools-for-stm32.10.3-2021.10.win32_1.0.0.202111181127/tools/bin/../lib/gcc/arm-none-eabi/10.3.1/thumb/v7e-m+fp/hard/crtbegin.o
                0x0000000008004f48                PROVIDE (__init_array_end = .)
                0x0000000008004f48                . = ALIGN (0x4)

.fini_array     0x0000000008004f48        0x4
                0x0000000008004f48                . = ALIGN (0x4)
                [!provide]                        PROVIDE (__fini_array_start = .)
 *(SORT_BY_NAME(.fini_array.*))
 *(.fini_array*)
 .fini_array    0x0000000008004f48        0x4 c:/st/stm32cubeide_1.10.1/stm32cubeide/plugins/com.st.stm32cube.ide.mcu.externaltools.gnu-tools-for-stm32.10.3-2021.10.win32_1.0.0.202111181127/tools/bin/../lib/gcc/arm-none-eabi/10.3.1/thumb/v7e-m+fp/hard/crtbegin.o
                [!provide]                        PROVIDE (__fini_array_end = .)
                0x0000000008004f4c                . = ALIGN (0x4)
                0x0000000008004f4c                _sidata = LOADADDR (.data)

.data           0x0000000020000000        0xc load address 0x0000000008004f4c
                0x0000000020000000                . = ALIGN (0x4)
                0x0000000020000000                _sdata = .
 *(.data)
 *(.data*)
 .data.SystemCoreClock
                0x0000000020000000        0x4 ./Core/Src/system_stm32f3xx.o
                0x0000000020000000                SystemCoreClock
 .data.uwTickPrio
                0x0000000020000004        0x4 ./Drivers/STM32F3xx_HAL_Driver/Src/stm32f3xx_hal.o
                0x0000000020000004                uwTickPrio
 .data.uwTickFreq
                0x0000000020000008        0x1 ./Drivers/STM32F3xx_HAL_Driver/Src/stm32f3xx_hal.o
                0x0000000020000008                uwTickFreq
 *(.RamFunc)
 *(.RamFunc*)
                0x000000002000000c                . = ALIGN (0x4)
 *fill*         0x0000000020000009        0x3 
                0x000000002000000c                _edata = .
                0x0000000008004f58                _siccmram = LOADADDR (.ccmram)

.igot.plt       0x000000002000000c        0x0 load address 0x0000000008004f58
 .igot.plt      0x000000002000000c        0x0 c:/st/stm32cubeide_1.10.1/stm32cubeide/plugins/com.st.stm32cube.ide.mcu.externaltools.gnu-tools-for-stm32.10.3-2021.10.win32_1.0.0.202111181127/tools/bin/../lib/gcc/arm-none-eabi/10.3.1/thumb/v7e-m+fp/hard/crtbegin.o

.ccmram         0x0000000010000000        0x0 load address 0x0000000008004f58
                0x0000000010000000                . = ALIGN (0x4)
                0x0000000010000000                _sccmram = .
 *(.ccmram)
 *(.ccmram*)
                0x0000000010000000                . = ALIGN (0x4)
                0x0000000010000000                _eccmram = .
                0x0000000010000000                . = ALIGN (0x4)

.bss            0x000000002000000c      0x1e0
                0x000000002000000c                _sbss = .
                0x000000002000000c                __bss_start__ = _sbss
 *(.bss)
 .bss           0x000000002000000c       0x1c c:/st/stm32cubeide_1.10.1/stm32cubeide/plugins/com.st.stm32cube.ide.mcu.externaltools.gnu-tools-for-stm32.10.3-2021.10.win32_1.0.0.202111181127/tools/bin/../lib/gcc/arm-none-eabi/10.3.1/thumb/v7e-m+fp/hard/crtbegin.o
 *(.bss*)
 .bss.NewZVTVar
                0x0000000020000028       0x14 ./Core/Src/main.o
                0x0000000020000028                NewZVTVar
 .bss.hhrtim1   0x000000002000003c       0xdc ./Core/Src/main.o
                0x000000002000003c                hhrtim1
 .bss.htim15    0x0000000020000118       0x4c ./Core/Src/main.o
                0x0000000020000118                htim15
 .bss.huart1    0x0000000020000164       0x84 ./Core/Src/main.o
                0x0000000020000164                huart1
 .bss.uwTick    0x00000000200001e8        0x4 ./Drivers/STM32F3xx_HAL_Driver/Src/stm32f3xx_hal.o
                0x00000000200001e8                uwTick
 *(COMMON)
                0x00000000200001ec                . = ALIGN (0x4)
                0x00000000200001ec                _ebss = .
                0x00000000200001ec                __bss_end__ = _ebss

._user_heap_stack
                0x00000000200001ec      0x604
                0x00000000200001f0                . = ALIGN (0x8)
 *fill*         0x00000000200001ec        0x4 
                [!provide]                        PROVIDE (end = .)
                0x00000000200001f0                PROVIDE (_end = .)
                0x00000000200003f0                . = (. + _Min_Heap_Size)
 *fill*         0x00000000200001f0      0x200 
                0x00000000200007f0                . = (. + _Min_Stack_Size)
 *fill*         0x00000000200003f0      0x400 
                0x00000000200007f0                . = ALIGN (0x8)

/DISCARD/
 libc.a(*)
 libm.a(*)
 libgcc.a(*)

.ARM.attributes
                0x0000000000000000       0x30
 *(.ARM.attributes)
 .ARM.attributes
                0x0000000000000000       0x1e c:/st/stm32cubeide_1.10.1/stm32cubeide/plugins/com.st.stm32cube.ide.mcu.externaltools.gnu-tools-for-stm32.10.3-2021.10.win32_1.0.0.202111181127/tools/bin/../lib/gcc/arm-none-eabi/10.3.1/thumb/v7e-m+fp/hard/crti.o
 .ARM.attributes
                0x000000000000001e       0x34 c:/st/stm32cubeide_1.10.1/stm32cubeide/plugins/com.st.stm32cube.ide.mcu.externaltools.gnu-tools-for-stm32.10.3-2021.10.win32_1.0.0.202111181127/tools/bin/../lib/gcc/arm-none-eabi/10.3.1/thumb/v7e-m+fp/hard/crtbegin.o
 .ARM.attributes
                0x0000000000000052       0x34 ./Core/Src/main.o
 .ARM.attributes
                0x0000000000000086       0x34 ./Core/Src/stm32f3xx_hal_msp.o
 .ARM.attributes
                0x00000000000000ba       0x34 ./Core/Src/stm32f3xx_it.o
 .ARM.attributes
                0x00000000000000ee       0x34 ./Core/Src/system_stm32f3xx.o
 .ARM.attributes
                0x0000000000000122       0x21 ./Core/Startup/startup_stm32f334c8tx.o
 .ARM.attributes
                0x0000000000000143       0x34 ./Drivers/STM32F3xx_HAL_Driver/Src/stm32f3xx_hal.o
 .ARM.attributes
                0x0000000000000177       0x34 ./Drivers/STM32F3xx_HAL_Driver/Src/stm32f3xx_hal_cortex.o
 .ARM.attributes
                0x00000000000001ab       0x34 ./Drivers/STM32F3xx_HAL_Driver/Src/stm32f3xx_hal_gpio.o
 .ARM.attributes
                0x00000000000001df       0x34 ./Drivers/STM32F3xx_HAL_Driver/Src/stm32f3xx_hal_hrtim.o
 .ARM.attributes
                0x0000000000000213       0x34 ./Drivers/STM32F3xx_HAL_Driver/Src/stm32f3xx_hal_rcc.o
 .ARM.attributes
                0x0000000000000247       0x34 ./Drivers/STM32F3xx_HAL_Driver/Src/stm32f3xx_hal_rcc_ex.o
 .ARM.attributes
                0x000000000000027b       0x34 ./Drivers/STM32F3xx_HAL_Driver/Src/stm32f3xx_hal_tim.o
 .ARM.attributes
                0x00000000000002af       0x34 ./Drivers/STM32F3xx_HAL_Driver/Src/stm32f3xx_hal_tim_ex.o
 .ARM.attributes
                0x00000000000002e3       0x34 ./Drivers/STM32F3xx_HAL_Driver/Src/stm32f3xx_hal_uart.o
 .ARM.attributes
                0x0000000000000317       0x34 c:/st/stm32cubeide_1.10.1/stm32cubeide/plugins/com.st.stm32cube.ide.mcu.externaltools.gnu-tools-for-stm32.10.3-2021.10.win32_1.0.0.202111181127/tools/bin/../lib/gcc/arm-none-eabi/10.3.1/../../../../arm-none-eabi/lib/thumb/v7e-m+fp/hard\libc_nano.a(lib_a-init.o)
 .ARM.attributes
                0x000000000000034b       0x34 c:/st/stm32cubeide_1.10.1/stm32cubeide/plugins/com.st.stm32cube.ide.mcu.externaltools.gnu-tools-for-stm32.10.3-2021.10.win32_1.0.0.202111181127/tools/bin/../lib/gcc/arm-none-eabi/10.3.1/../../../../arm-none-eabi/lib/thumb/v7e-m+fp/hard\libc_nano.a(lib_a-memset.o)
 .ARM.attributes
                0x000000000000037f       0x1e c:/st/stm32cubeide_1.10.1/stm32cubeide/plugins/com.st.stm32cube.ide.mcu.externaltools.gnu-tools-for-stm32.10.3-2021.10.win32_1.0.0.202111181127/tools/bin/../lib/gcc/arm-none-eabi/10.3.1/thumb/v7e-m+fp/hard/crtn.o
OUTPUT(ANewZVT.elf elf32-littlearm)
LOAD linker stubs
LOAD c:/st/stm32cubeide_1.10.1/stm32cubeide/plugins/com.st.stm32cube.ide.mcu.externaltools.gnu-tools-for-stm32.10.3-2021.10.win32_1.0.0.202111181127/tools/bin/../lib/gcc/arm-none-eabi/10.3.1/../../../../arm-none-eabi/lib/thumb/v7e-m+fp/hard\libc.a
LOAD c:/st/stm32cubeide_1.10.1/stm32cubeide/plugins/com.st.stm32cube.ide.mcu.externaltools.gnu-tools-for-stm32.10.3-2021.10.win32_1.0.0.202111181127/tools/bin/../lib/gcc/arm-none-eabi/10.3.1/../../../../arm-none-eabi/lib/thumb/v7e-m+fp/hard\libm.a
LOAD c:/st/stm32cubeide_1.10.1/stm32cubeide/plugins/com.st.stm32cube.ide.mcu.externaltools.gnu-tools-for-stm32.10.3-2021.10.win32_1.0.0.202111181127/tools/bin/../lib/gcc/arm-none-eabi/10.3.1/thumb/v7e-m+fp/hard\libgcc.a

.debug_info     0x0000000000000000    0x12e81
 .debug_info    0x0000000000000000     0x1f7f ./Core/Src/main.o
 .debug_info    0x0000000000001f7f     0x162d ./Core/Src/stm32f3xx_hal_msp.o
 .debug_info    0x00000000000035ac      0xa86 ./Core/Src/stm32f3xx_it.o
 .debug_info    0x0000000000004032      0x416 ./Core/Src/system_stm32f3xx.o
 .debug_info    0x0000000000004448       0x22 ./Core/Startup/startup_stm32f334c8tx.o
 .debug_info    0x000000000000446a      0x7a7 ./Drivers/STM32F3xx_HAL_Driver/Src/stm32f3xx_hal.o
 .debug_info    0x0000000000004c11      0xb4a ./Drivers/STM32F3xx_HAL_Driver/Src/stm32f3xx_hal_cortex.o
 .debug_info    0x000000000000575b      0x74e ./Drivers/STM32F3xx_HAL_Driver/Src/stm32f3xx_hal_gpio.o
 .debug_info    0x0000000000005ea9     0x36ea ./Drivers/STM32F3xx_HAL_Driver/Src/stm32f3xx_hal_hrtim.o
 .debug_info    0x0000000000009593     0x1586 ./Drivers/STM32F3xx_HAL_Driver/Src/stm32f3xx_hal_rcc.o
 .debug_info    0x000000000000ab19      0x579 ./Drivers/STM32F3xx_HAL_Driver/Src/stm32f3xx_hal_rcc_ex.o
 .debug_info    0x000000000000b092     0x2ca3 ./Drivers/STM32F3xx_HAL_Driver/Src/stm32f3xx_hal_tim.o
 .debug_info    0x000000000000dd35     0x1679 ./Drivers/STM32F3xx_HAL_Driver/Src/stm32f3xx_hal_tim_ex.o
 .debug_info    0x000000000000f3ae     0x3ad3 ./Drivers/STM32F3xx_HAL_Driver/Src/stm32f3xx_hal_uart.o

.debug_abbrev   0x0000000000000000     0x1d58
 .debug_abbrev  0x0000000000000000      0x2d3 ./Core/Src/main.o
 .debug_abbrev  0x00000000000002d3      0x1ec ./Core/Src/stm32f3xx_hal_msp.o
 .debug_abbrev  0x00000000000004bf      0x1a9 ./Core/Src/stm32f3xx_it.o
 .debug_abbrev  0x0000000000000668      0x116 ./Core/Src/system_stm32f3xx.o
 .debug_abbrev  0x000000000000077e       0x12 ./Core/Startup/startup_stm32f334c8tx.o
 .debug_abbrev  0x0000000000000790      0x20e ./Drivers/STM32F3xx_HAL_Driver/Src/stm32f3xx_hal.o
 .debug_abbrev  0x000000000000099e      0x2ed ./Drivers/STM32F3xx_HAL_Driver/Src/stm32f3xx_hal_cortex.o
 .debug_abbrev  0x0000000000000c8b      0x1bb ./Drivers/STM32F3xx_HAL_Driver/Src/stm32f3xx_hal_gpio.o
 .debug_abbrev  0x0000000000000e46      0x262 ./Drivers/STM32F3xx_HAL_Driver/Src/stm32f3xx_hal_hrtim.o
 .debug_abbrev  0x00000000000010a8      0x30c ./Drivers/STM32F3xx_HAL_Driver/Src/stm32f3xx_hal_rcc.o
 .debug_abbrev  0x00000000000013b4      0x226 ./Drivers/STM32F3xx_HAL_Driver/Src/stm32f3xx_hal_rcc_ex.o
 .debug_abbrev  0x00000000000015da      0x25d ./Drivers/STM32F3xx_HAL_Driver/Src/stm32f3xx_hal_tim.o
 .debug_abbrev  0x0000000000001837      0x265 ./Drivers/STM32F3xx_HAL_Driver/Src/stm32f3xx_hal_tim_ex.o
 .debug_abbrev  0x0000000000001a9c      0x2bc ./Drivers/STM32F3xx_HAL_Driver/Src/stm32f3xx_hal_uart.o

.debug_aranges  0x0000000000000000      0xff8
 .debug_aranges
                0x0000000000000000       0x60 ./Core/Src/main.o
 .debug_aranges
                0x0000000000000060       0x58 ./Core/Src/stm32f3xx_hal_msp.o
 .debug_aranges
                0x00000000000000b8       0x70 ./Core/Src/stm32f3xx_it.o
 .debug_aranges
                0x0000000000000128       0x28 ./Core/Src/system_stm32f3xx.o
 .debug_aranges
                0x0000000000000150       0x28 ./Core/Startup/startup_stm32f334c8tx.o
 .debug_aranges
                0x0000000000000178       0xe0 ./Drivers/STM32F3xx_HAL_Driver/Src/stm32f3xx_hal.o
 .debug_aranges
                0x0000000000000258      0x100 ./Drivers/STM32F3xx_HAL_Driver/Src/stm32f3xx_hal_cortex.o
 .debug_aranges
                0x0000000000000358       0x58 ./Drivers/STM32F3xx_HAL_Driver/Src/stm32f3xx_hal_gpio.o
 .debug_aranges
                0x00000000000003b0      0x408 ./Drivers/STM32F3xx_HAL_Driver/Src/stm32f3xx_hal_hrtim.o
 .debug_aranges
                0x00000000000007b8       0x88 ./Drivers/STM32F3xx_HAL_Driver/Src/stm32f3xx_hal_rcc.o
 .debug_aranges
                0x0000000000000840       0x38 ./Drivers/STM32F3xx_HAL_Driver/Src/stm32f3xx_hal_rcc_ex.o
 .debug_aranges
                0x0000000000000878      0x3e0 ./Drivers/STM32F3xx_HAL_Driver/Src/stm32f3xx_hal_tim.o
 .debug_aranges
                0x0000000000000c58      0x178 ./Drivers/STM32F3xx_HAL_Driver/Src/stm32f3xx_hal_tim_ex.o
 .debug_aranges
                0x0000000000000dd0      0x228 ./Drivers/STM32F3xx_HAL_Driver/Src/stm32f3xx_hal_uart.o

.debug_ranges   0x0000000000000000      0xf50
 .debug_ranges  0x0000000000000000       0x50 ./Core/Src/main.o
 .debug_ranges  0x0000000000000050       0x48 ./Core/Src/stm32f3xx_hal_msp.o
 .debug_ranges  0x0000000000000098       0x60 ./Core/Src/stm32f3xx_it.o
 .debug_ranges  0x00000000000000f8       0x18 ./Core/Src/system_stm32f3xx.o
 .debug_ranges  0x0000000000000110       0x20 ./Core/Startup/startup_stm32f334c8tx.o
 .debug_ranges  0x0000000000000130       0xd0 ./Drivers/STM32F3xx_HAL_Driver/Src/stm32f3xx_hal.o
 .debug_ranges  0x0000000000000200       0xf0 ./Drivers/STM32F3xx_HAL_Driver/Src/stm32f3xx_hal_cortex.o
 .debug_ranges  0x00000000000002f0       0x48 ./Drivers/STM32F3xx_HAL_Driver/Src/stm32f3xx_hal_gpio.o
 .debug_ranges  0x0000000000000338      0x3f8 ./Drivers/STM32F3xx_HAL_Driver/Src/stm32f3xx_hal_hrtim.o
 .debug_ranges  0x0000000000000730       0x78 ./Drivers/STM32F3xx_HAL_Driver/Src/stm32f3xx_hal_rcc.o
 .debug_ranges  0x00000000000007a8       0x28 ./Drivers/STM32F3xx_HAL_Driver/Src/stm32f3xx_hal_rcc_ex.o
 .debug_ranges  0x00000000000007d0      0x3d0 ./Drivers/STM32F3xx_HAL_Driver/Src/stm32f3xx_hal_tim.o
 .debug_ranges  0x0000000000000ba0      0x168 ./Drivers/STM32F3xx_HAL_Driver/Src/stm32f3xx_hal_tim_ex.o
 .debug_ranges  0x0000000000000d08      0x248 ./Drivers/STM32F3xx_HAL_Driver/Src/stm32f3xx_hal_uart.o

.debug_macro    0x0000000000000000    0x20ced
 .debug_macro   0x0000000000000000      0x1df ./Core/Src/main.o
 .debug_macro   0x00000000000001df      0xa78 ./Core/Src/main.o
 .debug_macro   0x0000000000000c57      0x15d ./Core/Src/main.o
 .debug_macro   0x0000000000000db4       0x2e ./Core/Src/main.o
 .debug_macro   0x0000000000000de2       0x28 ./Core/Src/main.o
 .debug_macro   0x0000000000000e0a       0x22 ./Core/Src/main.o
 .debug_macro   0x0000000000000e2c       0x8e ./Core/Src/main.o
 .debug_macro   0x0000000000000eba       0x51 ./Core/Src/main.o
 .debug_macro   0x0000000000000f0b      0x103 ./Core/Src/main.o
 .debug_macro   0x000000000000100e       0x6a ./Core/Src/main.o
 .debug_macro   0x0000000000001078      0x1df ./Core/Src/main.o
 .debug_macro   0x0000000000001257       0x1c ./Core/Src/main.o
 .debug_macro   0x0000000000001273       0x22 ./Core/Src/main.o
 .debug_macro   0x0000000000001295       0xd9 ./Core/Src/main.o
 .debug_macro   0x000000000000136e      0xf07 ./Core/Src/main.o
 .debug_macro   0x0000000000002275    0x1585b ./Core/Src/main.o
 .debug_macro   0x0000000000017ad0       0x6d ./Core/Src/main.o
 .debug_macro   0x0000000000017b3d     0x3540 ./Core/Src/main.o
 .debug_macro   0x000000000001b07d      0x174 ./Core/Src/main.o
 .debug_macro   0x000000000001b1f1       0x55 ./Core/Src/main.o
 .debug_macro   0x000000000001b246      0x8f9 ./Core/Src/main.o
 .debug_macro   0x000000000001bb3f      0x358 ./Core/Src/main.o
 .debug_macro   0x000000000001be97      0x1b6 ./Core/Src/main.o
 .debug_macro   0x000000000001c04d      0x130 ./Core/Src/main.o
 .debug_macro   0x000000000001c17d      0x1d5 ./Core/Src/main.o
 .debug_macro   0x000000000001c352      0x1bc ./Core/Src/main.o
 .debug_macro   0x000000000001c50e       0x34 ./Core/Src/main.o
 .debug_macro   0x000000000001c542       0x3c ./Core/Src/main.o
 .debug_macro   0x000000000001c57e       0x57 ./Core/Src/main.o
 .debug_macro   0x000000000001c5d5       0xc5 ./Core/Src/main.o
 .debug_macro   0x000000000001c69a      0x19f ./Core/Src/main.o
 .debug_macro   0x000000000001c839     0x166e ./Core/Src/main.o
 .debug_macro   0x000000000001dea7      0x22c ./Core/Src/main.o
 .debug_macro   0x000000000001e0d3       0x5b ./Core/Src/main.o
 .debug_macro   0x000000000001e12e       0xa5 ./Core/Src/main.o
 .debug_macro   0x000000000001e1d3       0x81 ./Core/Src/main.o
 .debug_macro   0x000000000001e254       0xd3 ./Core/Src/main.o
 .debug_macro   0x000000000001e327      0xa3d ./Core/Src/main.o
 .debug_macro   0x000000000001ed64       0x59 ./Core/Src/main.o
 .debug_macro   0x000000000001edbd      0x5a5 ./Core/Src/main.o
 .debug_macro   0x000000000001f362       0x44 ./Core/Src/main.o
 .debug_macro   0x000000000001f3a6      0x2a1 ./Core/Src/main.o
 .debug_macro   0x000000000001f647       0x34 ./Core/Src/main.o
 .debug_macro   0x000000000001f67b      0x1df ./Core/Src/stm32f3xx_hal_msp.o
 .debug_macro   0x000000000001f85a      0x1e9 ./Core/Src/stm32f3xx_it.o
 .debug_macro   0x000000000001fa43      0x1d0 ./Core/Src/system_stm32f3xx.o
 .debug_macro   0x000000000001fc13      0x1f4 ./Drivers/STM32F3xx_HAL_Driver/Src/stm32f3xx_hal.o
 .debug_macro   0x000000000001fe07      0x1d0 ./Drivers/STM32F3xx_HAL_Driver/Src/stm32f3xx_hal_cortex.o
 .debug_macro   0x000000000001ffd7      0x1d7 ./Drivers/STM32F3xx_HAL_Driver/Src/stm32f3xx_hal_gpio.o
 .debug_macro   0x00000000000201ae      0x1ed ./Drivers/STM32F3xx_HAL_Driver/Src/stm32f3xx_hal_hrtim.o
 .debug_macro   0x000000000002039b      0x1f4 ./Drivers/STM32F3xx_HAL_Driver/Src/stm32f3xx_hal_rcc.o
 .debug_macro   0x000000000002058f      0x1d0 ./Drivers/STM32F3xx_HAL_Driver/Src/stm32f3xx_hal_rcc_ex.o
 .debug_macro   0x000000000002075f      0x1d1 ./Drivers/STM32F3xx_HAL_Driver/Src/stm32f3xx_hal_tim.o
 .debug_macro   0x0000000000020930      0x1d0 ./Drivers/STM32F3xx_HAL_Driver/Src/stm32f3xx_hal_tim_ex.o
 .debug_macro   0x0000000000020b00      0x1ed ./Drivers/STM32F3xx_HAL_Driver/Src/stm32f3xx_hal_uart.o

.debug_line     0x0000000000000000    0x1256e
 .debug_line    0x0000000000000000      0x9f9 ./Core/Src/main.o
 .debug_line    0x00000000000009f9      0x7f2 ./Core/Src/stm32f3xx_hal_msp.o
 .debug_line    0x00000000000011eb      0x7fd ./Core/Src/stm32f3xx_it.o
 .debug_line    0x00000000000019e8      0x767 ./Core/Src/system_stm32f3xx.o
 .debug_line    0x000000000000214f       0x88 ./Core/Startup/startup_stm32f334c8tx.o
 .debug_line    0x00000000000021d7      0x99c ./Drivers/STM32F3xx_HAL_Driver/Src/stm32f3xx_hal.o
 .debug_line    0x0000000000002b73      0xb84 ./Drivers/STM32F3xx_HAL_Driver/Src/stm32f3xx_hal_cortex.o
 .debug_line    0x00000000000036f7      0xae9 ./Drivers/STM32F3xx_HAL_Driver/Src/stm32f3xx_hal_gpio.o
 .debug_line    0x00000000000041e0     0x3efd ./Drivers/STM32F3xx_HAL_Driver/Src/stm32f3xx_hal_hrtim.o
 .debug_line    0x00000000000080dd     0x137a ./Drivers/STM32F3xx_HAL_Driver/Src/stm32f3xx_hal_rcc.o
 .debug_line    0x0000000000009457      0xa88 ./Drivers/STM32F3xx_HAL_Driver/Src/stm32f3xx_hal_rcc_ex.o
 .debug_line    0x0000000000009edf     0x3bd0 ./Drivers/STM32F3xx_HAL_Driver/Src/stm32f3xx_hal_tim.o
 .debug_line    0x000000000000daaf     0x1a0f ./Drivers/STM32F3xx_HAL_Driver/Src/stm32f3xx_hal_tim_ex.o
 .debug_line    0x000000000000f4be     0x30b0 ./Drivers/STM32F3xx_HAL_Driver/Src/stm32f3xx_hal_uart.o

.debug_str      0x0000000000000000    0xd38a7
 .debug_str     0x0000000000000000    0xcfc5e ./Core/Src/main.o
                                      0xd013c (size before relaxing)
 .debug_str     0x00000000000cfc5e       0xdd ./Core/Src/stm32f3xx_hal_msp.o
                                      0xcf8a1 (size before relaxing)
 .debug_str     0x00000000000cfd3b      0x139 ./Core/Src/stm32f3xx_it.o
                                      0xcf2d7 (size before relaxing)
 .debug_str     0x00000000000cfe74       0xdf ./Core/Src/system_stm32f3xx.o
                                      0xce8ed (size before relaxing)
 .debug_str     0x00000000000cff53       0x36 ./Core/Startup/startup_stm32f334c8tx.o
                                         0x63 (size before relaxing)
 .debug_str     0x00000000000cff89      0x3a1 ./Drivers/STM32F3xx_HAL_Driver/Src/stm32f3xx_hal.o
                                      0xcf055 (size before relaxing)
 .debug_str     0x00000000000d032a      0x236 ./Drivers/STM32F3xx_HAL_Driver/Src/stm32f3xx_hal_cortex.o
                                      0xcef7a (size before relaxing)
 .debug_str     0x00000000000d0560      0x120 ./Drivers/STM32F3xx_HAL_Driver/Src/stm32f3xx_hal_gpio.o
                                      0xceacc (size before relaxing)
 .debug_str     0x00000000000d0680     0x1484 ./Drivers/STM32F3xx_HAL_Driver/Src/stm32f3xx_hal_hrtim.o
                                      0xd0733 (size before relaxing)
 .debug_str     0x00000000000d1b04      0x2d1 ./Drivers/STM32F3xx_HAL_Driver/Src/stm32f3xx_hal_rcc.o
                                      0xced8d (size before relaxing)
 .debug_str     0x00000000000d1dd5       0xbe ./Drivers/STM32F3xx_HAL_Driver/Src/stm32f3xx_hal_rcc_ex.o
                                      0xceaa1 (size before relaxing)
 .debug_str     0x00000000000d1e93      0xd9b ./Drivers/STM32F3xx_HAL_Driver/Src/stm32f3xx_hal_tim.o
                                      0xcfd14 (size before relaxing)
 .debug_str     0x00000000000d2c2e      0x402 ./Drivers/STM32F3xx_HAL_Driver/Src/stm32f3xx_hal_tim_ex.o
                                      0xcf56a (size before relaxing)
 .debug_str     0x00000000000d3030      0x877 ./Drivers/STM32F3xx_HAL_Driver/Src/stm32f3xx_hal_uart.o
                                      0xcf5e8 (size before relaxing)

.comment        0x0000000000000000       0x50
 .comment       0x0000000000000000       0x50 ./Core/Src/main.o
                                         0x51 (size before relaxing)
 .comment       0x0000000000000050       0x51 ./Core/Src/stm32f3xx_hal_msp.o
 .comment       0x0000000000000050       0x51 ./Core/Src/stm32f3xx_it.o
 .comment       0x0000000000000050       0x51 ./Core/Src/system_stm32f3xx.o
 .comment       0x0000000000000050       0x51 ./Drivers/STM32F3xx_HAL_Driver/Src/stm32f3xx_hal.o
 .comment       0x0000000000000050       0x51 ./Drivers/STM32F3xx_HAL_Driver/Src/stm32f3xx_hal_cortex.o
 .comment       0x0000000000000050       0x51 ./Drivers/STM32F3xx_HAL_Driver/Src/stm32f3xx_hal_gpio.o
 .comment       0x0000000000000050       0x51 ./Drivers/STM32F3xx_HAL_Driver/Src/stm32f3xx_hal_hrtim.o
 .comment       0x0000000000000050       0x51 ./Drivers/STM32F3xx_HAL_Driver/Src/stm32f3xx_hal_rcc.o
 .comment       0x0000000000000050       0x51 ./Drivers/STM32F3xx_HAL_Driver/Src/stm32f3xx_hal_rcc_ex.o
 .comment       0x0000000000000050       0x51 ./Drivers/STM32F3xx_HAL_Driver/Src/stm32f3xx_hal_tim.o
 .comment       0x0000000000000050       0x51 ./Drivers/STM32F3xx_HAL_Driver/Src/stm32f3xx_hal_tim_ex.o
 .comment       0x0000000000000050       0x51 ./Drivers/STM32F3xx_HAL_Driver/Src/stm32f3xx_hal_uart.o

.debug_frame    0x0000000000000000     0x45a0
 .debug_frame   0x0000000000000000      0x12c ./Core/Src/main.o
 .debug_frame   0x000000000000012c      0x13c ./Core/Src/stm32f3xx_hal_msp.o
 .debug_frame   0x0000000000000268      0x13c ./Core/Src/stm32f3xx_it.o
 .debug_frame   0x00000000000003a4       0x58 ./Core/Src/system_stm32f3xx.o
 .debug_frame   0x00000000000003fc      0x334 ./Drivers/STM32F3xx_HAL_Driver/Src/stm32f3xx_hal.o
 .debug_frame   0x0000000000000730      0x428 ./Drivers/STM32F3xx_HAL_Driver/Src/stm32f3xx_hal_cortex.o
 .debug_frame   0x0000000000000b58      0x14c ./Drivers/STM32F3xx_HAL_Driver/Src/stm32f3xx_hal_gpio.o
 .debug_frame   0x0000000000000ca4     0x135c ./Drivers/STM32F3xx_HAL_Driver/Src/stm32f3xx_hal_hrtim.o
 .debug_frame   0x0000000000002000      0x214 ./Drivers/STM32F3xx_HAL_Driver/Src/stm32f3xx_hal_rcc.o
 .debug_frame   0x0000000000002214       0xb4 ./Drivers/STM32F3xx_HAL_Driver/Src/stm32f3xx_hal_rcc_ex.o
 .debug_frame   0x00000000000022c8     0x121c ./Drivers/STM32F3xx_HAL_Driver/Src/stm32f3xx_hal_tim.o
 .debug_frame   0x00000000000034e4      0x688 ./Drivers/STM32F3xx_HAL_Driver/Src/stm32f3xx_hal_tim_ex.o
 .debug_frame   0x0000000000003b6c      0x9e8 ./Drivers/STM32F3xx_HAL_Driver/Src/stm32f3xx_hal_uart.o
 .debug_frame   0x0000000000004554       0x2c c:/st/stm32cubeide_1.10.1/stm32cubeide/plugins/com.st.stm32cube.ide.mcu.externaltools.gnu-tools-for-stm32.10.3-2021.10.win32_1.0.0.202111181127/tools/bin/../lib/gcc/arm-none-eabi/10.3.1/../../../../arm-none-eabi/lib/thumb/v7e-m+fp/hard\libc_nano.a(lib_a-init.o)
 .debug_frame   0x0000000000004580       0x20 c:/st/stm32cubeide_1.10.1/stm32cubeide/plugins/com.st.stm32cube.ide.mcu.externaltools.gnu-tools-for-stm32.10.3-2021.10.win32_1.0.0.202111181127/tools/bin/../lib/gcc/arm-none-eabi/10.3.1/../../../../arm-none-eabi/lib/thumb/v7e-m+fp/hard\libc_nano.a(lib_a-memset.o)
